2015-12-28T13:47:28.258-1000: 0.266: [GC [PSYoungGen: 66048K->10736K(76800K)] 66048K->59099K(251392K), 0.0250120 secs] [Times: user=0.10 sys=0.07, real=0.03 secs] 
2015-12-28T13:47:28.340-1000: 0.348: [GC [PSYoungGen: 76784K->10720K(142848K)] 125147K->122163K(317440K), 0.0297910 secs] [Times: user=0.13 sys=0.08, real=0.03 secs] 
2015-12-28T13:47:28.370-1000: 0.378: [Full GC [PSYoungGen: 10720K->0K(142848K)] [ParOldGen: 111443K->119766K(295936K)] 122163K->119766K(438784K) [PSPermGen: 4186K->4178K(21504K)], 0.2439060 secs] [Times: user=1.48 sys=0.02, real=0.24 secs] 
2015-12-28T13:47:28.749-1000: 0.757: [GC [PSYoungGen: 132096K->10720K(142848K)] 251862K->250606K(438784K), 0.0556410 secs] [Times: user=0.24 sys=0.14, real=0.06 secs] 
2015-12-28T13:47:28.804-1000: 0.813: [Full GC [PSYoungGen: 10720K->0K(142848K)] [ParOldGen: 239886K->244991K(560640K)] 250606K->244991K(703488K) [PSPermGen: 4178K->4178K(21504K)], 0.2810750 secs] [Times: user=1.72 sys=0.02, real=0.28 secs] 
2015-12-28T13:47:30.155-1000: 2.163: [Full GC [PSYoungGen: 132096K->0K(142848K)] [ParOldGen: 979162K->209812K(600064K)] 1111258K->209812K(742912K) [PSPermGen: 8592K->8586K(21504K)], 0.1010550 secs] [Times: user=0.30 sys=0.04, real=0.10 secs] 
2015-12-28T13:47:30.827-1000: 2.836: [GC [PSYoungGen: 132096K->10720K(180736K)] 341908K->236892K(780800K), 0.0223760 secs] [Times: user=0.17 sys=0.01, real=0.03 secs] 
Heap
 PSYoungGen      total 180736K, used 70727K [0x00000007aaa80000, 0x00000007b6a00000, 0x0000000800000000)
  eden space 169984K, 35% used [0x00000007aaa80000,0x00000007ae519fb0,0x00000007b5080000)
  from space 10752K, 99% used [0x00000007b5f80000,0x00000007b69f8010,0x00000007b6a00000)
  to   space 10752K, 0% used [0x00000007b5500000,0x00000007b5500000,0x00000007b5f80000)
 ParOldGen       total 600064K, used 226172K [0x0000000700000000, 0x0000000724a00000, 0x00000007aaa80000)
  object space 600064K, 37% used [0x0000000700000000,0x000000070dcdf248,0x0000000724a00000)
 PSPermGen       total 21504K, used 8738K [0x00000006fae00000, 0x00000006fc300000, 0x0000000700000000)
  object space 21504K, 40% used [0x00000006fae00000,0x00000006fb688a78,0x00000006fc300000)
