Total time for which application threads were stopped: 0.0121560 seconds
{Heap before GC invocations=4102 (full 87):
 PSYoungGen      total 1070400K, used 1070376K [0x00000007aaab0000, 0x0000000800000000, 0x0000000800000000)
  eden space 910272K, 100% used [0x00000007aaab0000,0x00000007e23a0000,0x00000007e23a0000)
  from space 160128K, 99% used [0x00000007e23a0000,0x00000007ebffa2f8,0x00000007ec000000)
  to   space 254848K, 0% used [0x00000007f0720000,0x00000007f0720000,0x0000000800000000)
 ParOldGen       total 2796224K, used 2590524K [0x0000000700000000, 0x00000007aaab0000, 0x00000007aaab0000)
  object space 2796224K, 92% used [0x0000000700000000,0x000000079e1cf2a8,0x00000007aaab0000)
 PSPermGen       total 67648K, used 67601K [0x00000006e0000000, 0x00000006e4210000, 0x0000000700000000)
  object space 67648K, 99% used [0x00000006e0000000,0x00000006e4204698,0x00000006e4210000)
2015-12-10T15:46:54.299+1100: 524176.359: [GC
Desired survivor size 248053760 bytes, new threshold 1 (max 15)
 [PSYoungGen: 1070376K->76319K(1155840K)] 3660901K->2808160K(3952064K), 0.1840200 secs] [Times: user=0.47 sys=0.01, real=0.19 secs]
Heap after GC invocations=4102 (full 87):
 PSYoungGen      total 1155840K, used 76319K [0x00000007aaab0000, 0x0000000800000000, 0x0000000800000000)
  eden space 900992K, 0% used [0x00000007aaab0000,0x00000007aaab0000,0x00000007e1a90000)
  from space 254848K, 29% used [0x00000007f0720000,0x00000007f51a7d90,0x0000000800000000)
  to   space 242240K, 0% used [0x00000007e1a90000,0x00000007e1a90000,0x00000007f0720000)
 ParOldGen       total 2796224K, used 2731841K [0x0000000700000000, 0x00000007aaab0000, 0x00000007aaab0000)
  object space 2796224K, 97% used [0x0000000700000000,0x00000007a6bd0598,0x00000007aaab0000)
 PSPermGen       total 67648K, used 67601K [0x00000006e0000000, 0x00000006e4210000, 0x0000000700000000)
  object space 67648K, 99% used [0x00000006e0000000,0x00000006e4204698,0x00000006e4210000)
}
{Heap before GC invocations=4103 (full 88):
 PSYoungGen      total 1155840K, used 76319K [0x00000007aaab0000, 0x0000000800000000, 0x0000000800000000)
  eden space 900992K, 0% used [0x00000007aaab0000,0x00000007aaab0000,0x00000007e1a90000)
  from space 254848K, 29% used [0x00000007f0720000,0x00000007f51a7d90,0x0000000800000000)
  to   space 242240K, 0% used [0x00000007e1a90000,0x00000007e1a90000,0x00000007f0720000)
 ParOldGen       total 2796224K, used 2731841K [0x0000000700000000, 0x00000007aaab0000, 0x00000007aaab0000)
  object space 2796224K, 97% used [0x0000000700000000,0x00000007a6bd0598,0x00000007aaab0000)
 PSPermGen       total 67648K, used 67601K [0x00000006e0000000, 0x00000006e4210000, 0x0000000700000000)
  object space 67648K, 99% used [0x00000006e0000000,0x00000006e4204698,0x00000006e4210000)
2015-12-10T15:46:54.493+1100: 524176.553: [Full GC [PSYoungGen: 76319K->0K(1155840K)] [ParOldGen: 2731841K->2072964K(2796224K)] 2808160K->2072964K(3952064K) [PSPermGen: 67601K->67601K(67648K)], 2.3244990 secs] [Times: user=7.63 sys=0.00, real=2.32 secs]
Heap after GC invocations=4103 (full 88):
 PSYoungGen      total 1155840K, used 0K [0x00000007aaab0000, 0x0000000800000000, 0x0000000800000000)
  eden space 900992K, 0% used [0x00000007aaab0000,0x00000007aaab0000,0x00000007e1a90000)
  from space 254848K, 0% used [0x00000007f0720000,0x00000007f0720000,0x0000000800000000)
  to   space 242240K, 0% used [0x00000007e1a90000,0x00000007e1a90000,0x00000007f0720000)
 ParOldGen       total 2796224K, used 2072964K [0x0000000700000000, 0x00000007aaab0000, 0x00000007aaab0000)
  object space 2796224K, 74% used [0x0000000700000000,0x000000077e8613c0,0x00000007aaab0000)
 PSPermGen       total 67648K, used 67601K [0x00000006e0000000, 0x00000006e4210000, 0x0000000700000000)
  object space 67648K, 99% used [0x00000006e0000000,0x00000006e4204698,0x00000006e4210000)
}
Total time for which application threads were stopped: 2.5386740 seconds
Total time for which application threads were stopped: 0.0137420 seconds
