{Heap before GC invocations=1 (full 0):
 PSYoungGen      total 76800K, used 66048K [0x00000007aaa80000, 0x00000007b0000000, 0x0000000800000000)
  eden space 66048K, 100% used [0x00000007aaa80000,0x00000007aeb00000,0x00000007aeb00000)
  from space 10752K, 0% used [0x00000007af580000,0x00000007af580000,0x00000007b0000000)
  to   space 10752K, 0% used [0x00000007aeb00000,0x00000007aeb00000,0x00000007af580000)
 ParOldGen       total 174592K, used 0K [0x0000000700000000, 0x000000070aa80000, 0x00000007aaa80000)
  object space 174592K, 0% used [0x0000000700000000,0x0000000700000000,0x000000070aa80000)
 PSPermGen       total 21504K, used 4177K [0x00000006fae00000, 0x00000006fc300000, 0x0000000700000000)
  object space 21504K, 19% used [0x00000006fae00000,0x00000006fb2147f8,0x00000006fc300000)
2015-12-28T13:49:18.396-1000: 0.261: [GC [PSYoungGen: 66048K->10736K(76800K)] 66048K->59101K(251392K), 0.0242040 secs] [Times: user=0.09 sys=0.07, real=0.03 secs] 
Heap after GC invocations=1 (full 0):
 PSYoungGen      total 76800K, used 10736K [0x00000007aaa80000, 0x00000007b4080000, 0x0000000800000000)
  eden space 66048K, 0% used [0x00000007aaa80000,0x00000007aaa80000,0x00000007aeb00000)
  from space 10752K, 99% used [0x00000007aeb00000,0x00000007af57c020,0x00000007af580000)
  to   space 10752K, 0% used [0x00000007b3600000,0x00000007b3600000,0x00000007b4080000)
 ParOldGen       total 174592K, used 48365K [0x0000000700000000, 0x000000070aa80000, 0x00000007aaa80000)
  object space 174592K, 27% used [0x0000000700000000,0x0000000702f3b640,0x000000070aa80000)
 PSPermGen       total 21504K, used 4177K [0x00000006fae00000, 0x00000006fc300000, 0x0000000700000000)
  object space 21504K, 19% used [0x00000006fae00000,0x00000006fb2147f8,0x00000006fc300000)
}
{Heap before GC invocations=2 (full 0):
 PSYoungGen      total 76800K, used 76784K [0x00000007aaa80000, 0x00000007b4080000, 0x0000000800000000)
  eden space 66048K, 100% used [0x00000007aaa80000,0x00000007aeb00000,0x00000007aeb00000)
  from space 10752K, 99% used [0x00000007aeb00000,0x00000007af57c020,0x00000007af580000)
  to   space 10752K, 0% used [0x00000007b3600000,0x00000007b3600000,0x00000007b4080000)
 ParOldGen       total 174592K, used 48365K [0x0000000700000000, 0x000000070aa80000, 0x00000007aaa80000)
  object space 174592K, 27% used [0x0000000700000000,0x0000000702f3b640,0x000000070aa80000)
 PSPermGen       total 21504K, used 4186K [0x00000006fae00000, 0x00000006fc300000, 0x0000000700000000)
  object space 21504K, 19% used [0x00000006fae00000,0x00000006fb216860,0x00000006fc300000)
2015-12-28T13:49:18.478-1000: 0.342: [GC [PSYoungGen: 76784K->10720K(142848K)] 125149K->122157K(317440K), 0.0314280 secs] [Times: user=0.14 sys=0.08, real=0.04 secs] 
Heap after GC invocations=2 (full 0):
 PSYoungGen      total 142848K, used 10720K [0x00000007aaa80000, 0x00000007b4080000, 0x0000000800000000)
  eden space 132096K, 0% used [0x00000007aaa80000,0x00000007aaa80000,0x00000007b2b80000)
  from space 10752K, 99% used [0x00000007b3600000,0x00000007b4078010,0x00000007b4080000)
  to   space 10752K, 0% used [0x00000007b2b80000,0x00000007b2b80000,0x00000007b3600000)
 ParOldGen       total 174592K, used 111437K [0x0000000700000000, 0x000000070aa80000, 0x00000007aaa80000)
  object space 174592K, 63% used [0x0000000700000000,0x0000000706cd3640,0x000000070aa80000)
 PSPermGen       total 21504K, used 4186K [0x00000006fae00000, 0x00000006fc300000, 0x0000000700000000)
  object space 21504K, 19% used [0x00000006fae00000,0x00000006fb216860,0x00000006fc300000)
}
{Heap before GC invocations=3 (full 1):
 PSYoungGen      total 142848K, used 10720K [0x00000007aaa80000, 0x00000007b4080000, 0x0000000800000000)
  eden space 132096K, 0% used [0x00000007aaa80000,0x00000007aaa80000,0x00000007b2b80000)
  from space 10752K, 99% used [0x00000007b3600000,0x00000007b4078010,0x00000007b4080000)
  to   space 10752K, 0% used [0x00000007b2b80000,0x00000007b2b80000,0x00000007b3600000)
 ParOldGen       total 174592K, used 111437K [0x0000000700000000, 0x000000070aa80000, 0x00000007aaa80000)
  object space 174592K, 63% used [0x0000000700000000,0x0000000706cd3640,0x000000070aa80000)
 PSPermGen       total 21504K, used 4186K [0x00000006fae00000, 0x00000006fc300000, 0x0000000700000000)
  object space 21504K, 19% used [0x00000006fae00000,0x00000006fb216860,0x00000006fc300000)
2015-12-28T13:49:18.510-1000: 0.374: [Full GC [PSYoungGen: 10720K->0K(142848K)] [ParOldGen: 111437K->119765K(295936K)] 122157K->119765K(438784K) [PSPermGen: 4186K->4178K(21504K)], 0.2427170 secs] [Times: user=1.51 sys=0.02, real=0.24 secs] 
Heap after GC invocations=3 (full 1):
 PSYoungGen      total 142848K, used 0K [0x00000007aaa80000, 0x00000007b4080000, 0x0000000800000000)
  eden space 132096K, 0% used [0x00000007aaa80000,0x00000007aaa80000,0x00000007b2b80000)
  from space 10752K, 0% used [0x00000007b3600000,0x00000007b3600000,0x00000007b4080000)
  to   space 10752K, 0% used [0x00000007b2b80000,0x00000007b2b80000,0x00000007b3600000)
 ParOldGen       total 295936K, used 119765K [0x0000000700000000, 0x0000000712100000, 0x00000007aaa80000)
  object space 295936K, 40% used [0x0000000700000000,0x00000007074f57c8,0x0000000712100000)
 PSPermGen       total 21504K, used 4178K [0x00000006fae00000, 0x00000006fc300000, 0x0000000700000000)
  object space 21504K, 19% used [0x00000006fae00000,0x00000006fb214918,0x00000006fc300000)
}
{Heap before GC invocations=4 (full 1):
 PSYoungGen      total 142848K, used 132096K [0x00000007aaa80000, 0x00000007b4080000, 0x0000000800000000)
  eden space 132096K, 100% used [0x00000007aaa80000,0x00000007b2b80000,0x00000007b2b80000)
  from space 10752K, 0% used [0x00000007b3600000,0x00000007b3600000,0x00000007b4080000)
  to   space 10752K, 0% used [0x00000007b2b80000,0x00000007b2b80000,0x00000007b3600000)
 ParOldGen       total 295936K, used 119765K [0x0000000700000000, 0x0000000712100000, 0x00000007aaa80000)
  object space 295936K, 40% used [0x0000000700000000,0x00000007074f57c8,0x0000000712100000)
 PSPermGen       total 21504K, used 4178K [0x00000006fae00000, 0x00000006fc300000, 0x0000000700000000)
  object space 21504K, 19% used [0x00000006fae00000,0x00000006fb214918,0x00000006fc300000)
2015-12-28T13:49:18.860-1000: 0.724: [GC [PSYoungGen: 132096K->10720K(142848K)] 251861K->250621K(438784K), 0.0532190 secs] [Times: user=0.25 sys=0.14, real=0.05 secs] 
Heap after GC invocations=4 (full 1):
 PSYoungGen      total 142848K, used 10720K [0x00000007aaa80000, 0x00000007b6a80000, 0x0000000800000000)
  eden space 132096K, 0% used [0x00000007aaa80000,0x00000007aaa80000,0x00000007b2b80000)
  from space 10752K, 99% used [0x00000007b2b80000,0x00000007b35f8010,0x00000007b3600000)
  to   space 10752K, 0% used [0x00000007b6000000,0x00000007b6000000,0x00000007b6a80000)
 ParOldGen       total 295936K, used 239901K [0x0000000700000000, 0x0000000712100000, 0x00000007aaa80000)
  object space 295936K, 81% used [0x0000000700000000,0x000000070ea477c8,0x0000000712100000)
 PSPermGen       total 21504K, used 4178K [0x00000006fae00000, 0x00000006fc300000, 0x0000000700000000)
  object space 21504K, 19% used [0x00000006fae00000,0x00000006fb214918,0x00000006fc300000)
}
{Heap before GC invocations=5 (full 2):
 PSYoungGen      total 142848K, used 10720K [0x00000007aaa80000, 0x00000007b6a80000, 0x0000000800000000)
  eden space 132096K, 0% used [0x00000007aaa80000,0x00000007aaa80000,0x00000007b2b80000)
  from space 10752K, 99% used [0x00000007b2b80000,0x00000007b35f8010,0x00000007b3600000)
  to   space 10752K, 0% used [0x00000007b6000000,0x00000007b6000000,0x00000007b6a80000)
 ParOldGen       total 295936K, used 239901K [0x0000000700000000, 0x0000000712100000, 0x00000007aaa80000)
  object space 295936K, 81% used [0x0000000700000000,0x000000070ea477c8,0x0000000712100000)
 PSPermGen       total 21504K, used 4178K [0x00000006fae00000, 0x00000006fc300000, 0x0000000700000000)
  object space 21504K, 19% used [0x00000006fae00000,0x00000006fb214918,0x00000006fc300000)
2015-12-28T13:49:18.913-1000: 0.777: [Full GC [PSYoungGen: 10720K->0K(142848K)] [ParOldGen: 239901K->244990K(561152K)] 250621K->244990K(704000K) [PSPermGen: 4178K->4178K(21504K)], 0.2812700 secs] [Times: user=1.77 sys=0.01, real=0.28 secs] 
Heap after GC invocations=5 (full 2):
 PSYoungGen      total 142848K, used 0K [0x00000007aaa80000, 0x00000007b6a80000, 0x0000000800000000)
  eden space 132096K, 0% used [0x00000007aaa80000,0x00000007aaa80000,0x00000007b2b80000)
  from space 10752K, 0% used [0x00000007b2b80000,0x00000007b2b80000,0x00000007b3600000)
  to   space 10752K, 0% used [0x00000007b6000000,0x00000007b6000000,0x00000007b6a80000)
 ParOldGen       total 561152K, used 244990K [0x0000000700000000, 0x0000000722400000, 0x00000007aaa80000)
  object space 561152K, 43% used [0x0000000700000000,0x000000070ef3faf0,0x0000000722400000)
 PSPermGen       total 21504K, used 4178K [0x00000006fae00000, 0x00000006fc300000, 0x0000000700000000)
  object space 21504K, 19% used [0x00000006fae00000,0x00000006fb2148d8,0x00000006fc300000)
}
{Heap before GC invocations=6 (full 3):
 PSYoungGen      total 142848K, used 132096K [0x00000007aaa80000, 0x00000007b6a80000, 0x0000000800000000)
  eden space 132096K, 100% used [0x00000007aaa80000,0x00000007b2b80000,0x00000007b2b80000)
  from space 10752K, 0% used [0x00000007b2b80000,0x00000007b2b80000,0x00000007b3600000)
  to   space 10752K, 0% used [0x00000007b6000000,0x00000007b6000000,0x00000007b6a80000)
 ParOldGen       total 1068544K, used 979161K [0x0000000700000000, 0x0000000741380000, 0x00000007aaa80000)
  object space 1068544K, 91% used [0x0000000700000000,0x000000073bc36450,0x0000000741380000)
 PSPermGen       total 21504K, used 8592K [0x00000006fae00000, 0x00000006fc300000, 0x0000000700000000)
  object space 21504K, 39% used [0x00000006fae00000,0x00000006fb664150,0x00000006fc300000)
2015-12-28T13:49:20.327-1000: 2.191: [Full GC [PSYoungGen: 132096K->0K(142848K)] [ParOldGen: 979161K->209809K(601088K)] 1111257K->209809K(743936K) [PSPermGen: 8592K->8586K(21504K)], 0.0825020 secs] [Times: user=0.28 sys=0.03, real=0.09 secs] 
Heap after GC invocations=6 (full 3):
 PSYoungGen      total 142848K, used 0K [0x00000007aaa80000, 0x00000007b6a80000, 0x0000000800000000)
  eden space 132096K, 0% used [0x00000007aaa80000,0x00000007aaa80000,0x00000007b2b80000)
  from space 10752K, 0% used [0x00000007b2b80000,0x00000007b2b80000,0x00000007b3600000)
  to   space 10752K, 0% used [0x00000007b6000000,0x00000007b6000000,0x00000007b6a80000)
 ParOldGen       total 601088K, used 209809K [0x0000000700000000, 0x0000000724b00000, 0x00000007aaa80000)
  object space 601088K, 34% used [0x0000000700000000,0x000000070cce4760,0x0000000724b00000)
 PSPermGen       total 21504K, used 8586K [0x00000006fae00000, 0x00000006fc300000, 0x0000000700000000)
  object space 21504K, 39% used [0x00000006fae00000,0x00000006fb662af0,0x00000006fc300000)
}
{Heap before GC invocations=7 (full 3):
 PSYoungGen      total 142848K, used 132096K [0x00000007aaa80000, 0x00000007b6a80000, 0x0000000800000000)
  eden space 132096K, 100% used [0x00000007aaa80000,0x00000007b2b80000,0x00000007b2b80000)
  from space 10752K, 0% used [0x00000007b2b80000,0x00000007b2b80000,0x00000007b3600000)
  to   space 10752K, 0% used [0x00000007b6000000,0x00000007b6000000,0x00000007b6a80000)
 ParOldGen       total 601088K, used 209809K [0x0000000700000000, 0x0000000724b00000, 0x00000007aaa80000)
  object space 601088K, 34% used [0x0000000700000000,0x000000070cce4760,0x0000000724b00000)
 PSPermGen       total 21504K, used 8617K [0x00000006fae00000, 0x00000006fc300000, 0x0000000700000000)
  object space 21504K, 40% used [0x00000006fae00000,0x00000006fb66a738,0x00000006fc300000)
2015-12-28T13:49:20.996-1000: 2.860: [GC [PSYoungGen: 132096K->10720K(180736K)] 341905K->236873K(781824K), 0.0225120 secs] [Times: user=0.17 sys=0.01, real=0.02 secs] 
Heap after GC invocations=7 (full 3):
 PSYoungGen      total 180736K, used 10720K [0x00000007aaa80000, 0x00000007b6a80000, 0x0000000800000000)
  eden space 169984K, 0% used [0x00000007aaa80000,0x00000007aaa80000,0x00000007b5080000)
  from space 10752K, 99% used [0x00000007b6000000,0x00000007b6a78010,0x00000007b6a80000)
  to   space 10752K, 0% used [0x00000007b5580000,0x00000007b5580000,0x00000007b6000000)
 ParOldGen       total 601088K, used 226153K [0x0000000700000000, 0x0000000724b00000, 0x00000007aaa80000)
  object space 601088K, 37% used [0x0000000700000000,0x000000070dcda760,0x0000000724b00000)
 PSPermGen       total 21504K, used 8617K [0x00000006fae00000, 0x00000006fc300000, 0x0000000700000000)
  object space 21504K, 40% used [0x00000006fae00000,0x00000006fb66a738,0x00000006fc300000)
}
Heap
 PSYoungGen      total 180736K, used 70792K [0x00000007aaa80000, 0x00000007b6a80000, 0x0000000800000000)
  eden space 169984K, 35% used [0x00000007aaa80000,0x00000007ae52a120,0x00000007b5080000)
  from space 10752K, 99% used [0x00000007b6000000,0x00000007b6a78010,0x00000007b6a80000)
  to   space 10752K, 0% used [0x00000007b5580000,0x00000007b5580000,0x00000007b6000000)
 ParOldGen       total 601088K, used 226153K [0x0000000700000000, 0x0000000724b00000, 0x00000007aaa80000)
  object space 601088K, 37% used [0x0000000700000000,0x000000070dcda760,0x0000000724b00000)
 PSPermGen       total 21504K, used 8738K [0x00000006fae00000, 0x00000006fc300000, 0x0000000700000000)
  object space 21504K, 40% used [0x00000006fae00000,0x00000006fb688bf8,0x00000006fc300000)
