Java HotSpot(TM) 64-Bit Server VM (25.60-b23) for bsd-amd64 JRE (1.8.0_60-b27), built on Aug  4 2015 10:47:24 by "java_re" with gcc 4.2.1 (Based on Apple Inc. build 5658) (LLVM build 2336.11.00)
Memory: 4k page, physical 16777216k(54564k free)

/proc/meminfo:

CommandLine flags: -XX:InitialHeapSize=268435456 -XX:MaxHeapSize=4294967296 -XX:+PrintGC -XX:+PrintGCDateStamps -XX:+PrintGCDetails -XX:+PrintGCTimeStamps -XX:+PrintHeapAtGC -XX:+UseCompressedClassPointers -XX:+UseCompressedOops -XX:+UseParallelGC 
{Heap before GC invocations=1 (full 0):
 PSYoungGen      total 76288K, used 65536K [0x000000076ab00000, 0x0000000770000000, 0x00000007c0000000)
  eden space 65536K, 100% used [0x000000076ab00000,0x000000076eb00000,0x000000076eb00000)
  from space 10752K, 0% used [0x000000076f580000,0x000000076f580000,0x0000000770000000)
  to   space 10752K, 0% used [0x000000076eb00000,0x000000076eb00000,0x000000076f580000)
 ParOldGen       total 175104K, used 0K [0x00000006c0000000, 0x00000006cab00000, 0x000000076ab00000)
  object space 175104K, 0% used [0x00000006c0000000,0x00000006c0000000,0x00000006cab00000)
 Metaspace       used 4078K, capacity 5688K, committed 5760K, reserved 1056768K
  class space    used 511K, capacity 616K, committed 640K, reserved 1048576K
2015-12-28T13:50:05.869-1000: 0.243: [GC (Allocation Failure) [PSYoungGen: 65536K->10720K(76288K)] 65536K->57245K(251392K), 0.0232096 secs] [Times: user=0.09 sys=0.07, real=0.03 secs] 
Heap after GC invocations=1 (full 0):
 PSYoungGen      total 76288K, used 10720K [0x000000076ab00000, 0x0000000774000000, 0x00000007c0000000)
  eden space 65536K, 0% used [0x000000076ab00000,0x000000076ab00000,0x000000076eb00000)
  from space 10752K, 99% used [0x000000076eb00000,0x000000076f578030,0x000000076f580000)
  to   space 10752K, 0% used [0x0000000773580000,0x0000000773580000,0x0000000774000000)
 ParOldGen       total 175104K, used 46525K [0x00000006c0000000, 0x00000006cab00000, 0x000000076ab00000)
  object space 175104K, 26% used [0x00000006c0000000,0x00000006c2d6f6b8,0x00000006cab00000)
 Metaspace       used 4078K, capacity 5688K, committed 5760K, reserved 1056768K
  class space    used 511K, capacity 616K, committed 640K, reserved 1048576K
}
{Heap before GC invocations=2 (full 0):
 PSYoungGen      total 76288K, used 76256K [0x000000076ab00000, 0x0000000774000000, 0x00000007c0000000)
  eden space 65536K, 100% used [0x000000076ab00000,0x000000076eb00000,0x000000076eb00000)
  from space 10752K, 99% used [0x000000076eb00000,0x000000076f578030,0x000000076f580000)
  to   space 10752K, 0% used [0x0000000773580000,0x0000000773580000,0x0000000774000000)
 ParOldGen       total 175104K, used 46525K [0x00000006c0000000, 0x00000006cab00000, 0x000000076ab00000)
  object space 175104K, 26% used [0x00000006c0000000,0x00000006c2d6f6b8,0x00000006cab00000)
 Metaspace       used 4083K, capacity 5688K, committed 5760K, reserved 1056768K
  class space    used 511K, capacity 616K, committed 640K, reserved 1048576K
2015-12-28T13:50:05.934-1000: 0.308: [GC (Allocation Failure) [PSYoungGen: 76256K->10720K(141824K)] 122781K->119813K(316928K), 0.0291613 secs] [Times: user=0.12 sys=0.09, real=0.03 secs] 
Heap after GC invocations=2 (full 0):
 PSYoungGen      total 141824K, used 10720K [0x000000076ab00000, 0x0000000774000000, 0x00000007c0000000)
  eden space 131072K, 0% used [0x000000076ab00000,0x000000076ab00000,0x0000000772b00000)
  from space 10752K, 99% used [0x0000000773580000,0x0000000773ff8030,0x0000000774000000)
  to   space 10752K, 0% used [0x0000000772b00000,0x0000000772b00000,0x0000000773580000)
 ParOldGen       total 175104K, used 109093K [0x00000006c0000000, 0x00000006cab00000, 0x000000076ab00000)
  object space 175104K, 62% used [0x00000006c0000000,0x00000006c6a896b8,0x00000006cab00000)
 Metaspace       used 4083K, capacity 5688K, committed 5760K, reserved 1056768K
  class space    used 511K, capacity 616K, committed 640K, reserved 1048576K
}
{Heap before GC invocations=3 (full 1):
 PSYoungGen      total 141824K, used 10720K [0x000000076ab00000, 0x0000000774000000, 0x00000007c0000000)
  eden space 131072K, 0% used [0x000000076ab00000,0x000000076ab00000,0x0000000772b00000)
  from space 10752K, 99% used [0x0000000773580000,0x0000000773ff8030,0x0000000774000000)
  to   space 10752K, 0% used [0x0000000772b00000,0x0000000772b00000,0x0000000773580000)
 ParOldGen       total 175104K, used 109093K [0x00000006c0000000, 0x00000006cab00000, 0x000000076ab00000)
  object space 175104K, 62% used [0x00000006c0000000,0x00000006c6a896b8,0x00000006cab00000)
 Metaspace       used 4083K, capacity 5688K, committed 5760K, reserved 1056768K
  class space    used 511K, capacity 616K, committed 640K, reserved 1048576K
2015-12-28T13:50:05.963-1000: 0.338: [Full GC (Ergonomics) [PSYoungGen: 10720K->0K(141824K)] [ParOldGen: 109093K->117463K(290816K)] 119813K->117463K(432640K), [Metaspace: 4083K->4083K(1056768K)], 0.2301003 secs] [Times: user=1.41 sys=0.02, real=0.23 secs] 
Heap after GC invocations=3 (full 1):
 PSYoungGen      total 141824K, used 0K [0x000000076ab00000, 0x0000000774000000, 0x00000007c0000000)
  eden space 131072K, 0% used [0x000000076ab00000,0x000000076ab00000,0x0000000772b00000)
  from space 10752K, 0% used [0x0000000773580000,0x0000000773580000,0x0000000774000000)
  to   space 10752K, 0% used [0x0000000772b00000,0x0000000772b00000,0x0000000773580000)
 ParOldGen       total 290816K, used 117463K [0x00000006c0000000, 0x00000006d1c00000, 0x000000076ab00000)
  object space 290816K, 40% used [0x00000006c0000000,0x00000006c72b5d40,0x00000006d1c00000)
 Metaspace       used 4083K, capacity 5688K, committed 5760K, reserved 1056768K
  class space    used 511K, capacity 616K, committed 640K, reserved 1048576K
}
{Heap before GC invocations=4 (full 1):
 PSYoungGen      total 141824K, used 131072K [0x000000076ab00000, 0x0000000774000000, 0x00000007c0000000)
  eden space 131072K, 100% used [0x000000076ab00000,0x0000000772b00000,0x0000000772b00000)
  from space 10752K, 0% used [0x0000000773580000,0x0000000773580000,0x0000000774000000)
  to   space 10752K, 0% used [0x0000000772b00000,0x0000000772b00000,0x0000000773580000)
 ParOldGen       total 290816K, used 117463K [0x00000006c0000000, 0x00000006d1c00000, 0x000000076ab00000)
  object space 290816K, 40% used [0x00000006c0000000,0x00000006c72b5d40,0x00000006d1c00000)
 Metaspace       used 4083K, capacity 5688K, committed 5760K, reserved 1056768K
  class space    used 511K, capacity 616K, committed 640K, reserved 1048576K
2015-12-28T13:50:06.302-1000: 0.676: [GC (Allocation Failure) [PSYoungGen: 131072K->10720K(141824K)] 248535K->247319K(432640K), 0.0557512 secs] [Times: user=0.26 sys=0.13, real=0.05 secs] 
Heap after GC invocations=4 (full 1):
 PSYoungGen      total 141824K, used 10720K [0x000000076ab00000, 0x0000000776c00000, 0x00000007c0000000)
  eden space 131072K, 0% used [0x000000076ab00000,0x000000076ab00000,0x0000000772b00000)
  from space 10752K, 99% used [0x0000000772b00000,0x0000000773578010,0x0000000773580000)
  to   space 10752K, 0% used [0x0000000776180000,0x0000000776180000,0x0000000776c00000)
 ParOldGen       total 290816K, used 236599K [0x00000006c0000000, 0x00000006d1c00000, 0x000000076ab00000)
  object space 290816K, 81% used [0x00000006c0000000,0x00000006ce70dd40,0x00000006d1c00000)
 Metaspace       used 4083K, capacity 5688K, committed 5760K, reserved 1056768K
  class space    used 511K, capacity 616K, committed 640K, reserved 1048576K
}
{Heap before GC invocations=5 (full 2):
 PSYoungGen      total 141824K, used 10720K [0x000000076ab00000, 0x0000000776c00000, 0x00000007c0000000)
  eden space 131072K, 0% used [0x000000076ab00000,0x000000076ab00000,0x0000000772b00000)
  from space 10752K, 99% used [0x0000000772b00000,0x0000000773578010,0x0000000773580000)
  to   space 10752K, 0% used [0x0000000776180000,0x0000000776180000,0x0000000776c00000)
 ParOldGen       total 290816K, used 236599K [0x00000006c0000000, 0x00000006d1c00000, 0x000000076ab00000)
  object space 290816K, 81% used [0x00000006c0000000,0x00000006ce70dd40,0x00000006d1c00000)
 Metaspace       used 4083K, capacity 5688K, committed 5760K, reserved 1056768K
  class space    used 511K, capacity 616K, committed 640K, reserved 1048576K
2015-12-28T13:50:06.358-1000: 0.732: [Full GC (Ergonomics) [PSYoungGen: 10720K->0K(141824K)] [ParOldGen: 236599K->241721K(550912K)] 247319K->241721K(692736K), [Metaspace: 4083K->4083K(1056768K)], 0.2917907 secs] [Times: user=1.75 sys=0.02, real=0.30 secs] 
Heap after GC invocations=5 (full 2):
 PSYoungGen      total 141824K, used 0K [0x000000076ab00000, 0x0000000776c00000, 0x00000007c0000000)
  eden space 131072K, 0% used [0x000000076ab00000,0x000000076ab00000,0x0000000772b00000)
  from space 10752K, 0% used [0x0000000772b00000,0x0000000772b00000,0x0000000773580000)
  to   space 10752K, 0% used [0x0000000776180000,0x0000000776180000,0x0000000776c00000)
 ParOldGen       total 550912K, used 241721K [0x00000006c0000000, 0x00000006e1a00000, 0x000000076ab00000)
  object space 550912K, 43% used [0x00000006c0000000,0x00000006cec0e7a0,0x00000006e1a00000)
 Metaspace       used 4083K, capacity 5688K, committed 5760K, reserved 1056768K
  class space    used 511K, capacity 616K, committed 640K, reserved 1048576K
}
{Heap before GC invocations=6 (full 3):
 PSYoungGen      total 141824K, used 131072K [0x000000076ab00000, 0x0000000776c00000, 0x00000007c0000000)
  eden space 131072K, 100% used [0x000000076ab00000,0x0000000772b00000,0x0000000772b00000)
  from space 10752K, 0% used [0x0000000772b00000,0x0000000772b00000,0x0000000773580000)
  to   space 10752K, 0% used [0x0000000776180000,0x0000000776180000,0x0000000776c00000)
 ParOldGen       total 1058304K, used 975892K [0x00000006c0000000, 0x0000000700980000, 0x000000076ab00000)
  object space 1058304K, 92% used [0x00000006c0000000,0x00000006fb905100,0x0000000700980000)
 Metaspace       used 8229K, capacity 9368K, committed 9472K, reserved 1056768K
  class space    used 1181K, capacity 1224K, committed 1280K, reserved 1048576K
2015-12-28T13:50:07.404-1000: 1.778: [Full GC (Ergonomics) [PSYoungGen: 131072K->0K(141824K)] [ParOldGen: 975892K->209668K(589312K)] 1106964K->209668K(731136K), [Metaspace: 8229K->8229K(1056768K)], 0.0793100 secs] [Times: user=0.27 sys=0.04, real=0.08 secs] 
Heap after GC invocations=6 (full 3):
 PSYoungGen      total 141824K, used 0K [0x000000076ab00000, 0x0000000776c00000, 0x00000007c0000000)
  eden space 131072K, 0% used [0x000000076ab00000,0x000000076ab00000,0x0000000772b00000)
  from space 10752K, 0% used [0x0000000772b00000,0x0000000772b00000,0x0000000773580000)
  to   space 10752K, 0% used [0x0000000776180000,0x0000000776180000,0x0000000776c00000)
 ParOldGen       total 589312K, used 209668K [0x00000006c0000000, 0x00000006e3f80000, 0x000000076ab00000)
  object space 589312K, 35% used [0x00000006c0000000,0x00000006cccc1278,0x00000006e3f80000)
 Metaspace       used 8229K, capacity 9368K, committed 9472K, reserved 1056768K
  class space    used 1181K, capacity 1224K, committed 1280K, reserved 1048576K
}
{Heap before GC invocations=7 (full 3):
 PSYoungGen      total 141824K, used 131072K [0x000000076ab00000, 0x0000000776c00000, 0x00000007c0000000)
  eden space 131072K, 100% used [0x000000076ab00000,0x0000000772b00000,0x0000000772b00000)
  from space 10752K, 0% used [0x0000000772b00000,0x0000000772b00000,0x0000000773580000)
  to   space 10752K, 0% used [0x0000000776180000,0x0000000776180000,0x0000000776c00000)
 ParOldGen       total 589312K, used 209668K [0x00000006c0000000, 0x00000006e3f80000, 0x000000076ab00000)
  object space 589312K, 35% used [0x00000006c0000000,0x00000006cccc1278,0x00000006e3f80000)
 Metaspace       used 8232K, capacity 9368K, committed 9472K, reserved 1056768K
  class space    used 1181K, capacity 1224K, committed 1280K, reserved 1048576K
2015-12-28T13:50:07.824-1000: 2.198: [GC (Allocation Failure) [PSYoungGen: 131072K->10720K(181760K)] 340740K->235964K(771072K), 0.0213394 secs] [Times: user=0.16 sys=0.00, real=0.02 secs] 
Heap after GC invocations=7 (full 3):
 PSYoungGen      total 181760K, used 10720K [0x000000076ab00000, 0x0000000776c00000, 0x00000007c0000000)
  eden space 171008K, 0% used [0x000000076ab00000,0x000000076ab00000,0x0000000775200000)
  from space 10752K, 99% used [0x0000000776180000,0x0000000776bf8010,0x0000000776c00000)
  to   space 10752K, 0% used [0x0000000775700000,0x0000000775700000,0x0000000776180000)
 ParOldGen       total 589312K, used 225244K [0x00000006c0000000, 0x00000006e3f80000, 0x000000076ab00000)
  object space 589312K, 38% used [0x00000006c0000000,0x00000006cdbf7278,0x00000006e3f80000)
 Metaspace       used 8232K, capacity 9368K, committed 9472K, reserved 1056768K
  class space    used 1181K, capacity 1224K, committed 1280K, reserved 1048576K
}
Heap
 PSYoungGen      total 181760K, used 74451K [0x000000076ab00000, 0x0000000776c00000, 0x00000007c0000000)
  eden space 171008K, 37% used [0x000000076ab00000,0x000000076e93ccd0,0x0000000775200000)
  from space 10752K, 99% used [0x0000000776180000,0x0000000776bf8010,0x0000000776c00000)
  to   space 10752K, 0% used [0x0000000775700000,0x0000000775700000,0x0000000776180000)
 ParOldGen       total 589312K, used 225244K [0x00000006c0000000, 0x00000006e3f80000, 0x000000076ab00000)
  object space 589312K, 38% used [0x00000006c0000000,0x00000006cdbf7278,0x00000006e3f80000)
 Metaspace       used 8375K, capacity 9464K, committed 9728K, reserved 1058816K
  class space    used 1189K, capacity 1256K, committed 1280K, reserved 1048576K
